[PROFILE] Wolfram $Version = 15.0.0 for Microsoft Windows (64-bit) (May 19, 2026)
[PROFILE] $ScriptCommandLine = {profile_runner.wl, 4}
[PROFILE] K = 4
[PROFILE] +NumberForm[0.0009983`4.450806064609071, {10, 2}] s  MemoryInUse=59.31739044189453125`6. MB  MaxMemoryUsed=74.0589447021484375`6. MB  :: STAGE 0 start

Set::wrsym: Symbol Null is Protected.
[PROFILE] stage0 graph build : NumberForm[0.0009296, {10, 3}] s
de Bruijn-4: 16 nodes, 32 edges

Set::wrsym: Symbol Null is Protected.
[PROFILE] stage1 symbolic variable build : NumberForm[0.0024378, {10, 3}] s

Set::wrsym: Symbol Null is Protected.

General::stop: Further output of Set::wrsym will be suppressed during this calculation.
[PROFILE] stage1 static constraint build (nodeCons+edgeCons+psdCons) : NumberForm[0.0082167, {10, 3}] s
[PROFILE] FORMULATION: |qrVars|=400  |potVars|=97  |allVars|=497  |nodeCons eqs|=80  |edgeCons eqs|=128  |psd blocks|=32 (16x 5x5 Q + 16x 4x4 R)
[PROFILE] +NumberForm[0.1021257`6.460680039830523, {10, 2}] s  MemoryInUse=59.69976806640625`6. MB  MaxMemoryUsed=74.0589447021484375`6. MB  :: STAGE 1 setup done
Stage 1: strategy iteration (decoupled canonical-Phi fix), cap 20 rounds per seed...
[PROFILE] +NumberForm[0.1086401`6.487535150187812, {10, 2}] s  MemoryInUse=59.77667999267578125`6. MB  MaxMemoryUsed=74.0589447021484375`6. MB  :: STAGE 1 iteration start
  seed A (sig=s):
[PROFILE]     seed A (sig=s) ROUND 1 begin
[PROFILE]       CanonicalPhi: build NumberForm[0.0022533, {10, 3}] s, LinearOptimization NumberForm[0.0880453, {10, 3}] s (96 ineqs)
[PROFILE]     seed A (sig=s) round 1 CanonicalPhi total: NumberForm[0.0908557, {10, 3}] s
[PROFILE]       SolveJoint: potCons build NumberForm[0.0034378, {10, 3}] s (128 ineqs), SemidefiniteOptimization NumberForm[0.615082, {10, 3}] s   MemoryInUse=61.69756317138671875`6. MB  MaxMemoryUsed=74.0589447021484375`6. MB
[PROFILE]     seed A (sig=s) round 1 SolveJoint total: NumberForm[0.6192807, {10, 3}] s
    round 1: Gamma = 0.5000039975740899
[PROFILE]     seed A (sig=s) round 1 Improve: NumberForm[0.0059761, {10, 3}] s
[PROFILE]     seed A (sig=s) ROUND 2 begin
[PROFILE]       CanonicalPhi: build NumberForm[0.0022888, {10, 3}] s, LinearOptimization NumberForm[0.0472987, {10, 3}] s (96 ineqs)
[PROFILE]     seed A (sig=s) round 2 CanonicalPhi total: NumberForm[0.0498369, {10, 3}] s
[PROFILE]       SolveJoint: potCons build NumberForm[0.0031609, {10, 3}] s (128 ineqs), SemidefiniteOptimization NumberForm[0.4228683, {10, 3}] s   MemoryInUse=61.8174896240234375`6. MB  MaxMemoryUsed=74.0589447021484375`6. MB
[PROFILE]     seed A (sig=s) round 2 SolveJoint total: NumberForm[0.4267722, {10, 3}] s
    round 2: Gamma = 0.10196854495111962
[PROFILE]     seed A (sig=s) round 2 Improve: NumberForm[0.0063579, {10, 3}] s
    converged at round 2
[PROFILE]   SEED A (sig=s) TOTAL: NumberForm[1.2019313`7.531424638464213, {10, 3}] s over 2 round(s)
  seed B (first valid):
[PROFILE]     seed B (first valid) ROUND 1 begin
[PROFILE]       CanonicalPhi: build NumberForm[0.0021195, {10, 3}] s, LinearOptimization NumberForm[0.0670585, {10, 3}] s (96 ineqs)
[PROFILE]     seed B (first valid) round 1 CanonicalPhi total: NumberForm[0.0694473, {10, 3}] s
[PROFILE]       SolveJoint: potCons build NumberForm[0.0032413, {10, 3}] s (128 ineqs), SemidefiniteOptimization NumberForm[0.4370812, {10, 3}] s   MemoryInUse=61.8162078857421875`6. MB  MaxMemoryUsed=74.0589447021484375`6. MB
[PROFILE]     seed B (first valid) round 1 SolveJoint total: NumberForm[0.4407895, {10, 3}] s
    round 1: Gamma = 0.5000039996739655
[PROFILE]     seed B (first valid) round 1 Improve: NumberForm[0.0065864, {10, 3}] s
[PROFILE]     seed B (first valid) ROUND 2 begin
[PROFILE]       CanonicalPhi: build NumberForm[0.0021794, {10, 3}] s, LinearOptimization NumberForm[0.0548273, {10, 3}] s (96 ineqs)
[PROFILE]     seed B (first valid) round 2 CanonicalPhi total: NumberForm[0.057546, {10, 3}] s
[PROFILE]       SolveJoint: potCons build NumberForm[0.0033363, {10, 3}] s (128 ineqs), SemidefiniteOptimization NumberForm[0.4123503, {10, 3}] s   MemoryInUse=61.99979400634765625`6. MB  MaxMemoryUsed=74.0589447021484375`6. MB
[PROFILE]     seed B (first valid) round 2 SolveJoint total: NumberForm[0.4164856, {10, 3}] s
    round 2: Gamma = 0.3767227206472473
[PROFILE]     seed B (first valid) round 2 Improve: NumberForm[0.0058964, {10, 3}] s
[PROFILE]     seed B (first valid) ROUND 3 begin
[PROFILE]       CanonicalPhi: build NumberForm[0.0020609, {10, 3}] s, LinearOptimization NumberForm[0.0465761, {10, 3}] s (96 ineqs)
[PROFILE]     seed B (first valid) round 3 CanonicalPhi total: NumberForm[0.0489012, {10, 3}] s
[PROFILE]       SolveJoint: potCons build NumberForm[0.0030789, {10, 3}] s (128 ineqs), SemidefiniteOptimization NumberForm[0.4269136, {10, 3}] s   MemoryInUse=62.0008087158203125`6. MB  MaxMemoryUsed=74.0589447021484375`6. MB
[PROFILE]     seed B (first valid) round 3 SolveJoint total: NumberForm[0.4304633, {10, 3}] s
    round 3: Gamma = 0.10196854495111962
[PROFILE]     seed B (first valid) round 3 Improve: NumberForm[0.0063141, {10, 3}] s
    converged at round 3
[PROFILE]   SEED B (first valid) TOTAL: NumberForm[1.4859295999999999999`7.623543227512864, {10, 3}] s over 3 round(s)
  seed random-1:
[PROFILE]     seed random-1 ROUND 1 begin
[PROFILE]       CanonicalPhi: build NumberForm[0.0039283, {10, 3}] s, LinearOptimization NumberForm[0.0695589, {10, 3}] s (96 ineqs)
[PROFILE]     seed random-1 round 1 CanonicalPhi total: NumberForm[0.0737861, {10, 3}] s
[PROFILE]       SolveJoint: potCons build NumberForm[0.003075, {10, 3}] s (128 ineqs), SemidefiniteOptimization NumberForm[0.416778, {10, 3}] s   MemoryInUse=62.02094268798828125`6. MB  MaxMemoryUsed=74.0589447021484375`6. MB
[PROFILE]     seed random-1 round 1 SolveJoint total: NumberForm[0.4203489, {10, 3}] s
    round 1: Gamma = 0.767433744763586
[PROFILE]     seed random-1 round 1 Improve: NumberForm[0.0058498, {10, 3}] s
[PROFILE]     seed random-1 ROUND 2 begin
[PROFILE]       CanonicalPhi: build NumberForm[0.0885018, {10, 3}] s, LinearOptimization NumberForm[0.0562673, {10, 3}] s (96 ineqs)
[PROFILE]     seed random-1 round 2 CanonicalPhi total: NumberForm[0.1450366, {10, 3}] s
[PROFILE]       SolveJoint: potCons build NumberForm[0.0031988, {10, 3}] s (128 ineqs), SemidefiniteOptimization NumberForm[0.4164031, {10, 3}] s   MemoryInUse=62.199462890625`6. MB  MaxMemoryUsed=74.0589447021484375`6. MB
[PROFILE]     seed random-1 round 2 SolveJoint total: NumberForm[0.4202876, {10, 3}] s
    round 2: Gamma = 0.4362250104901812
[PROFILE]     seed random-1 round 2 Improve: NumberForm[0.0060254, {10, 3}] s
[PROFILE]     seed random-1 ROUND 3 begin
[PROFILE]       CanonicalPhi: build NumberForm[0.0021107, {10, 3}] s, LinearOptimization NumberForm[0.0492227, {10, 3}] s (96 ineqs)
[PROFILE]     seed random-1 round 3 CanonicalPhi total: NumberForm[0.0516098, {10, 3}] s
[PROFILE]       SolveJoint: potCons build NumberForm[0.0029713, {10, 3}] s (128 ineqs), SemidefiniteOptimization NumberForm[0.4092578, {10, 3}] s   MemoryInUse=62.199432373046875`6. MB  MaxMemoryUsed=74.0589447021484375`6. MB
[PROFILE]     seed random-1 round 3 SolveJoint total: NumberForm[0.4127124, {10, 3}] s
    round 3: Gamma = 0.5000039836270365
[PROFILE]     seed random-1 round 3 Improve: NumberForm[0.0069705, {10, 3}] s
[PROFILE]     seed random-1 ROUND 4 begin
[PROFILE]       CanonicalPhi: build NumberForm[0.0020465, {10, 3}] s, LinearOptimization NumberForm[0.052407, {10, 3}] s (96 ineqs)
[PROFILE]     seed random-1 round 4 CanonicalPhi total: NumberForm[0.0547721, {10, 3}] s
[PROFILE]       SolveJoint: potCons build NumberForm[0.0032408, {10, 3}] s (128 ineqs), SemidefiniteOptimization NumberForm[0.410209, {10, 3}] s   MemoryInUse=62.1994171142578125`6. MB  MaxMemoryUsed=74.0589447021484375`6. MB
[PROFILE]     seed random-1 round 4 SolveJoint total: NumberForm[0.4139429, {10, 3}] s
    round 4: Gamma = 0.5000039850011354
[PROFILE]     seed random-1 round 4 Improve: NumberForm[0.0077111, {10, 3}] s
    converged at round 4
[PROFILE]   SEED random-1 TOTAL: NumberForm[2.024049`7.7577660155827175, {10, 3}] s over 4 round(s)
  seed random-2:
[PROFILE]     seed random-2 ROUND 1 begin
[PROFILE]       CanonicalPhi: build NumberForm[0.0020248, {10, 3}] s, LinearOptimization NumberForm[0.0694761, {10, 3}] s (96 ineqs)
[PROFILE]     seed random-2 round 1 CanonicalPhi total: NumberForm[0.071785, {10, 3}] s
[PROFILE]       SolveJoint: potCons build NumberForm[0.0034759, {10, 3}] s (128 ineqs), SemidefiniteOptimization NumberForm[0.4266551, {10, 3}] s   MemoryInUse=62.19944000244140625`6. MB  MaxMemoryUsed=74.0589447021484375`6. MB
[PROFILE]     seed random-2 round 1 SolveJoint total: NumberForm[0.4306106, {10, 3}] s
    round 1: Gamma = 1.0000039969898662
[PROFILE]     seed random-2 round 1 Improve: NumberForm[0.0066241, {10, 3}] s
[PROFILE]     seed random-2 ROUND 2 begin
[PROFILE]       CanonicalPhi: build NumberForm[0.0023969, {10, 3}] s, LinearOptimization NumberForm[0.0529733, {10, 3}] s (96 ineqs)
[PROFILE]     seed random-2 round 2 CanonicalPhi total: NumberForm[0.0556248, {10, 3}] s
[PROFILE]       SolveJoint: potCons build NumberForm[0.0031004, {10, 3}] s (128 ineqs), SemidefiniteOptimization NumberForm[0.4456733, {10, 3}] s   MemoryInUse=62.32024383544921875`6. MB  MaxMemoryUsed=74.0589447021484375`6. MB
[PROFILE]     seed random-2 round 2 SolveJoint total: NumberForm[0.4492916, {10, 3}] s
    round 2: Gamma = 0.3767227178073642
[PROFILE]     seed random-2 round 2 Improve: NumberForm[0.0060198, {10, 3}] s
[PROFILE]     seed random-2 ROUND 3 begin
[PROFILE]       CanonicalPhi: build NumberForm[0.0022794, {10, 3}] s, LinearOptimization NumberForm[0.0461518, {10, 3}] s (96 ineqs)
[PROFILE]     seed random-2 round 3 CanonicalPhi total: NumberForm[0.0487016, {10, 3}] s
[PROFILE]       SolveJoint: potCons build NumberForm[0.0029901, {10, 3}] s (128 ineqs), SemidefiniteOptimization NumberForm[0.4328866, {10, 3}] s   MemoryInUse=62.3209075927734375`6. MB  MaxMemoryUsed=74.0589447021484375`6. MB
[PROFILE]     seed random-2 round 3 SolveJoint total: NumberForm[0.4365028, {10, 3}] s
    round 3: Gamma = 0.1567864249122284
[PROFILE]     seed random-2 round 3 Improve: NumberForm[0.0062539, {10, 3}] s
[PROFILE]     seed random-2 ROUND 4 begin
[PROFILE]       CanonicalPhi: build NumberForm[0.0022802, {10, 3}] s, LinearOptimization NumberForm[0.0442079, {10, 3}] s (96 ineqs)
[PROFILE]     seed random-2 round 4 CanonicalPhi total: NumberForm[0.0467383, {10, 3}] s
[PROFILE]       SolveJoint: potCons build NumberForm[0.0030375, {10, 3}] s (128 ineqs), SemidefiniteOptimization NumberForm[0.4224117, {10, 3}] s   MemoryInUse=62.3209075927734375`6. MB  MaxMemoryUsed=74.0589447021484375`6. MB
[PROFILE]     seed random-2 round 4 SolveJoint total: NumberForm[0.425905, {10, 3}] s
    round 4: Gamma = 0.1567864020689083
[PROFILE]     seed random-2 round 4 Improve: NumberForm[0.0064041, {10, 3}] s
    converged at round 4
[PROFILE]   SEED random-2 TOTAL: NumberForm[1.9968651`7.7518937202071925, {10, 3}] s over 4 round(s)
[PROFILE] STAGE 1 TOTAL (all 4 seeds): NumberForm[6.7155849, {10, 3}] s
[PROFILE] +NumberForm[6.8244164`8.285610511465675, {10, 2}] s  MemoryInUse=62.19277191162109375`6. MB  MaxMemoryUsed=74.0589447021484375`6. MB  :: STAGE 1 done
Stage 1 result: best seed = A (sig=s), Gamma_4 (numeric) = 0.10196854495111962 after 2 strategy-iteration round(s), converged = True.
  All seeds' results: {{A (sig=s), 0.10196854495111962, converged->True}, {B (first valid), 0.10196854495111962, converged->True}, {random-1, 0.5000039850011354, converged->True}, {random-2, 0.1567864020689083, converged->True}}
  Cross-seed agreement check (A vs B): A = 0.10196854495111962, B = 0.10196854495111962, agree = True
[PROFILE] +NumberForm[6.825061`8.285651530797777, {10, 2}] s  MemoryInUse=62.19692230224609375`6. MB  MaxMemoryUsed=74.0589447021484375`6. MB  :: STAGE 2 start
[PROFILE] stage2 rationalize x0 : NumberForm[0.01434, {10, 3}] s
[PROFILE] stage2 eqLHS assembly : NumberForm[0.0011729, {10, 3}] s
[PROFILE] stage2 CoefficientArrays : NumberForm[0.0015894, {10, 3}] s;  Amat dims = {208, 400},  nnz = 480,  density = 0.0057692307692307692`4.
[PROFILE] stage2 residual Amat.x0-bvec (exact) : NumberForm[0.0003121, {10, 3}] s
Stage 2: 400 Q/R variables, 208 linear equalities; naive-rounded residual norm = 2.808871419668902454701258874682`6.*^-8
[PROFILE] stage2 Gram Amat.Transpose[Amat] (exact) : NumberForm[0.0003097, {10, 3}] s
[PROFILE] stage2 LinearSolve[A.A^T, residual] (exact rational) : NumberForm[0.0250625, {10, 3}] s
[PROFILE] stage2 projection x0 - A^T.lambda (exact) : NumberForm[0.0009779, {10, 3}] s
[PROFILE] stage2 residual re-check : NumberForm[0.0007631, {10, 3}] s
Stage 2: exact projection residual (should be exactly 0): {0}
[PROFILE] stage2 Thread exactRule : NumberForm[0.00051, {10, 3}] s
[PROFILE] stage2 substitute exactRule into Q/R blocks : NumberForm[0.0163536, {10, 3}] s
[PROFILE] +NumberForm[6.9035074`8.290614788211494, {10, 2}] s  MemoryInUse=62.5289764404296875`6. MB  MaxMemoryUsed=74.0589447021484375`6. MB  :: STAGE 2 done
[PROFILE] +NumberForm[6.9045138`8.290678095467618, {10, 2}] s  MemoryInUse=62.5288848876953125`6. MB  MaxMemoryUsed=74.0589447021484375`6. MB  :: STAGE 3 start
[PROFILE] stage3 nodeEqOK exact check : NumberForm[0.0002897, {10, 3}] s
[PROFILE] stage3 edgeEqOK exact check : NumberForm[0.0021931, {10, 3}] s
[PROFILE] stage3 psdOK exact PositiveSemidefiniteMatrixQ (all 2*2^K blocks) : NumberForm[0.0286557, {10, 3}] s
Stage 3: nodeEqOK = True, edgeEqOK = True, psdOK = True
[PROFILE] stage3 Psi/Phi/Strategy exactification : NumberForm[0.0045925, {10, 3}] s
[PROFILE] stage3 GammaExact = Max[posSigma9 /@ edges] (exact) : NumberForm[0.0031721, {10, 3}] s
Stage 3: exact Gamma_4 (pointwise max over all edges) = 61112276337301955875404451/599324742116893215678312960 = 0.10196855234350148670136195928177219403`10.
[PROFILE] stage3 pointwise sigma(e)<=target check (exact, all edges) : NumberForm[0.0030341, {10, 3}] s
Stage 3: pointwise sigma(e) <= Gamma for all edges: True
Stage 3: GammaExact vs Stage-1 targetGamma drift = 7.40026640702216187595711851213`10.*^-9, within tolerance (1/10000): True
[PROFILE] +NumberForm[6.9485998`8.293442292992856, {10, 2}] s  MemoryInUse=62.59145355224609375`6. MB  MaxMemoryUsed=74.0589447021484375`6. MB  :: STAGE 3 done
[PROFILE] stage4 Export : NumberForm[0.2047424, {10, 3}] s
Wrote profile_cert_K4.wl -- Gamma_4 = 61112276337301955875404451/599324742116893215678312960 = 0.10196855234350148670136195928177219403`10.
[PROFILE] GROUND TRUTH check vs ../EpsilonCertificate_testK4_output.wl : Gamma byte-identical = True  (mine = 61112276337301955875404451/599324742116893215678312960, ground truth = 61112276337301955875404451/599324742116893215678312960)
[PROFILE] method probe CSDP : NumberForm[0.4270152, {10, 3}] s, gamma = 0.10196854495111962
[PROFILE] method probe DSDP : FAILED/unavailable
[PROFILE] +NumberForm[8.8356228`8.397782160702695, {10, 2}] s  MemoryInUse=63.74945068359375`6. MB  MaxMemoryUsed=74.0589447021484375`6. MB  :: ALL DONE
[PROFILE] FINAL MaxMemoryUsed = 74.0589447021484375`6. MB
