[16:45:56] start: generations=150 batch=200 elite_frac=0.15 temp=1.2
[16:46:19] *** NEW BEST 16 at gen 0 -- independently_verified=True bad=[] ***
[16:46:19] gen=  0 mean=15.79 max=16 min=14 loss_terms=448 best_ever=16 [22.8s]
[16:46:42] gen=  1 mean=15.80 max=16 min=13 loss_terms=449 best_ever=16 [22.8s]
[16:47:04] gen=  2 mean=15.85 max=16 min=14 loss_terms=449 best_ever=16 [22.4s]
[16:47:27] gen=  3 mean=15.87 max=16 min=14 loss_terms=450 best_ever=16 [22.4s]
[16:47:49] gen=  4 mean=15.85 max=16 min=13 loss_terms=450 best_ever=16 [22.0s]
[16:48:11] gen=  5 mean=15.81 max=16 min=13 loss_terms=450 best_ever=16 [22.2s]
[16:48:35] gen=  6 mean=15.84 max=16 min=12 loss_terms=450 best_ever=16 [23.8s]
[16:48:57] gen=  7 mean=15.87 max=16 min=14 loss_terms=447 best_ever=16 [22.6s]
[16:49:20] gen=  8 mean=15.80 max=16 min=14 loss_terms=449 best_ever=16 [22.8s]
[16:49:43] gen=  9 mean=15.87 max=16 min=12 loss_terms=450 best_ever=16 [23.0s]
[16:50:06] gen= 10 mean=15.85 max=16 min=13 loss_terms=450 best_ever=16 [22.6s]
[16:50:28] gen= 11 mean=15.85 max=16 min=12 loss_terms=449 best_ever=16 [21.9s]
[16:50:50] gen= 12 mean=15.86 max=16 min=13 loss_terms=450 best_ever=16 [22.7s]
[16:51:13] gen= 13 mean=15.89 max=16 min=14 loss_terms=450 best_ever=16 [22.9s]
[16:51:36] gen= 14 mean=15.85 max=16 min=14 loss_terms=450 best_ever=16 [22.4s]
[16:51:59] gen= 15 mean=15.89 max=16 min=13 loss_terms=449 best_ever=16 [23.0s]
[16:52:21] gen= 16 mean=15.84 max=16 min=13 loss_terms=450 best_ever=16 [22.7s]
[16:52:44] gen= 17 mean=15.76 max=16 min=12 loss_terms=450 best_ever=16 [22.8s]
[16:53:07] gen= 18 mean=15.85 max=16 min=14 loss_terms=448 best_ever=16 [22.6s]
[16:53:30] gen= 19 mean=15.85 max=16 min=14 loss_terms=450 best_ever=16 [23.3s]
[16:53:55] gen= 20 mean=15.87 max=16 min=14 loss_terms=448 best_ever=16 [24.6s]
[16:54:18] gen= 21 mean=15.82 max=16 min=13 loss_terms=447 best_ever=16 [23.9s]
[16:54:42] gen= 22 mean=15.78 max=16 min=13 loss_terms=449 best_ever=16 [23.9s]
[16:55:05] gen= 23 mean=15.85 max=16 min=13 loss_terms=449 best_ever=16 [22.4s]
[16:55:28] gen= 24 mean=15.86 max=16 min=14 loss_terms=450 best_ever=16 [23.4s]
[16:55:51] gen= 25 mean=15.81 max=16 min=13 loss_terms=449 best_ever=16 [22.6s]
[16:56:13] gen= 26 mean=15.78 max=16 min=13 loss_terms=450 best_ever=16 [22.7s]
[16:56:37] gen= 27 mean=15.80 max=16 min=13 loss_terms=450 best_ever=16 [23.7s]
[16:57:01] gen= 28 mean=15.80 max=16 min=12 loss_terms=450 best_ever=16 [23.8s]
[16:57:25] gen= 29 mean=15.84 max=16 min=13 loss_terms=449 best_ever=16 [23.8s]
[16:57:48] gen= 30 mean=15.82 max=16 min=13 loss_terms=449 best_ever=16 [22.9s]
[16:58:10] gen= 31 mean=15.80 max=16 min=12 loss_terms=450 best_ever=16 [22.5s]
[16:58:33] gen= 32 mean=15.86 max=16 min=13 loss_terms=449 best_ever=16 [23.2s]
[16:58:56] gen= 33 mean=15.82 max=16 min=12 loss_terms=450 best_ever=16 [22.9s]
[16:59:18] gen= 34 mean=15.79 max=16 min=12 loss_terms=450 best_ever=16 [22.0s]
[16:59:40] gen= 35 mean=15.81 max=16 min=13 loss_terms=450 best_ever=16 [22.2s]
[17:00:03] gen= 36 mean=15.84 max=16 min=12 loss_terms=450 best_ever=16 [22.2s]
[17:00:25] gen= 37 mean=15.84 max=16 min=14 loss_terms=449 best_ever=16 [22.2s]
[17:00:47] gen= 38 mean=15.79 max=16 min=12 loss_terms=450 best_ever=16 [22.6s]
[17:01:10] gen= 39 mean=15.84 max=16 min=14 loss_terms=450 best_ever=16 [22.9s]
[17:01:33] gen= 40 mean=15.89 max=16 min=14 loss_terms=448 best_ever=16 [22.6s]
[17:01:55] gen= 41 mean=15.88 max=16 min=14 loss_terms=448 best_ever=16 [22.1s]
[17:02:17] gen= 42 mean=15.79 max=16 min=13 loss_terms=448 best_ever=16 [22.3s]
[17:02:39] gen= 43 mean=15.82 max=16 min=13 loss_terms=448 best_ever=16 [22.1s]
[17:03:02] gen= 44 mean=15.84 max=16 min=13 loss_terms=449 best_ever=16 [22.2s]
[17:03:25] gen= 45 mean=15.78 max=16 min=12 loss_terms=450 best_ever=16 [23.1s]
[17:03:47] gen= 46 mean=15.80 max=16 min=14 loss_terms=448 best_ever=16 [22.2s]
[17:04:10] gen= 47 mean=15.82 max=16 min=14 loss_terms=449 best_ever=16 [22.6s]
[17:04:32] gen= 48 mean=15.76 max=16 min=13 loss_terms=448 best_ever=16 [22.5s]
[17:04:55] gen= 49 mean=15.81 max=16 min=13 loss_terms=449 best_ever=16 [23.0s]
[17:05:17] gen= 50 mean=15.84 max=16 min=14 loss_terms=450 best_ever=16 [22.4s]
[17:05:40] gen= 51 mean=15.83 max=16 min=14 loss_terms=449 best_ever=16 [22.4s]
[17:06:02] gen= 52 mean=15.83 max=16 min=12 loss_terms=450 best_ever=16 [22.6s]
[17:06:25] gen= 53 mean=15.82 max=16 min=14 loss_terms=450 best_ever=16 [22.2s]
[17:06:47] gen= 54 mean=15.87 max=16 min=14 loss_terms=448 best_ever=16 [22.3s]
[17:07:09] gen= 55 mean=15.88 max=16 min=12 loss_terms=449 best_ever=16 [22.2s]
[17:07:32] gen= 56 mean=15.85 max=16 min=12 loss_terms=450 best_ever=16 [22.6s]
[17:07:54] gen= 57 mean=15.77 max=16 min=13 loss_terms=450 best_ever=16 [22.2s]
[17:08:17] gen= 58 mean=15.87 max=16 min=13 loss_terms=448 best_ever=16 [22.7s]
[17:08:40] gen= 59 mean=15.81 max=16 min=13 loss_terms=449 best_ever=16 [23.1s]
[17:09:02] gen= 60 mean=15.82 max=16 min=12 loss_terms=450 best_ever=16 [22.3s]
[17:09:24] gen= 61 mean=15.82 max=16 min=12 loss_terms=449 best_ever=16 [22.1s]
[17:09:47] gen= 62 mean=15.81 max=16 min=12 loss_terms=450 best_ever=16 [22.6s]
[17:10:09] gen= 63 mean=15.84 max=16 min=13 loss_terms=449 best_ever=16 [22.3s]
[17:10:31] gen= 64 mean=15.86 max=16 min=13 loss_terms=449 best_ever=16 [22.2s]
[17:10:54] gen= 65 mean=15.81 max=16 min=13 loss_terms=450 best_ever=16 [22.5s]
[17:11:16] gen= 66 mean=15.87 max=16 min=14 loss_terms=450 best_ever=16 [22.6s]
[17:11:39] gen= 67 mean=15.82 max=16 min=13 loss_terms=449 best_ever=16 [22.8s]
[17:12:02] gen= 68 mean=15.89 max=16 min=14 loss_terms=450 best_ever=16 [22.4s]
[17:12:24] gen= 69 mean=15.87 max=16 min=12 loss_terms=450 best_ever=16 [22.6s]
[17:12:47] gen= 70 mean=15.86 max=16 min=14 loss_terms=450 best_ever=16 [23.0s]
[17:13:10] gen= 71 mean=15.85 max=16 min=12 loss_terms=448 best_ever=16 [23.1s]
[17:13:35] gen= 72 mean=15.88 max=16 min=14 loss_terms=450 best_ever=16 [25.0s]
[17:14:00] gen= 73 mean=15.79 max=16 min=13 loss_terms=450 best_ever=16 [24.8s]
[17:14:24] gen= 74 mean=15.79 max=16 min=12 loss_terms=450 best_ever=16 [23.7s]
[17:14:49] gen= 75 mean=15.85 max=16 min=14 loss_terms=449 best_ever=16 [25.1s]
[17:15:12] gen= 76 mean=15.86 max=16 min=14 loss_terms=450 best_ever=16 [23.2s]
[17:15:41] gen= 77 mean=15.82 max=16 min=13 loss_terms=449 best_ever=16 [28.8s]
[17:16:07] gen= 78 mean=15.85 max=16 min=14 loss_terms=450 best_ever=16 [26.0s]
[17:16:31] gen= 79 mean=15.87 max=16 min=14 loss_terms=450 best_ever=16 [23.9s]
[17:16:55] gen= 80 mean=15.84 max=16 min=13 loss_terms=449 best_ever=16 [24.7s]
[17:17:20] gen= 81 mean=15.86 max=16 min=14 loss_terms=449 best_ever=16 [24.9s]
[17:17:47] gen= 82 mean=15.84 max=16 min=12 loss_terms=449 best_ever=16 [27.0s]
[17:18:12] gen= 83 mean=15.86 max=16 min=14 loss_terms=450 best_ever=16 [24.5s]
[17:18:37] gen= 84 mean=15.75 max=16 min=12 loss_terms=450 best_ever=16 [25.0s]
[17:19:01] gen= 85 mean=15.87 max=16 min=13 loss_terms=450 best_ever=16 [24.2s]
[17:19:25] gen= 86 mean=15.85 max=16 min=13 loss_terms=450 best_ever=16 [23.7s]
[17:19:48] gen= 87 mean=15.86 max=16 min=13 loss_terms=450 best_ever=16 [23.0s]
[17:20:13] gen= 88 mean=15.88 max=16 min=13 loss_terms=449 best_ever=16 [25.2s]
[17:20:40] gen= 89 mean=15.85 max=16 min=13 loss_terms=450 best_ever=16 [26.9s]
[17:21:03] gen= 90 mean=15.79 max=16 min=14 loss_terms=449 best_ever=16 [23.4s]
[17:21:26] gen= 91 mean=15.81 max=16 min=12 loss_terms=450 best_ever=16 [22.4s]
[17:21:48] gen= 92 mean=15.79 max=16 min=13 loss_terms=450 best_ever=16 [22.6s]
[17:22:11] gen= 93 mean=15.88 max=16 min=14 loss_terms=450 best_ever=16 [23.0s]
[17:22:34] gen= 94 mean=15.76 max=16 min=13 loss_terms=449 best_ever=16 [22.3s]
[17:22:56] gen= 95 mean=15.81 max=16 min=13 loss_terms=450 best_ever=16 [22.3s]
[17:23:18] gen= 96 mean=15.79 max=16 min=12 loss_terms=450 best_ever=16 [22.3s]
[17:23:41] gen= 97 mean=15.80 max=16 min=12 loss_terms=449 best_ever=16 [22.6s]
[17:24:04] gen= 98 mean=15.83 max=16 min=12 loss_terms=450 best_ever=16 [23.2s]
[17:24:27] gen= 99 mean=15.78 max=16 min=13 loss_terms=448 best_ever=16 [23.1s]
[17:24:50] gen=100 mean=15.88 max=16 min=14 loss_terms=449 best_ever=16 [22.9s]
[17:25:13] gen=101 mean=15.82 max=16 min=13 loss_terms=450 best_ever=16 [23.0s]
[17:25:38] gen=102 mean=15.83 max=16 min=12 loss_terms=449 best_ever=16 [25.0s]
[17:26:04] gen=103 mean=15.80 max=16 min=14 loss_terms=449 best_ever=16 [25.7s]
[17:26:26] gen=104 mean=15.85 max=16 min=14 loss_terms=449 best_ever=16 [22.8s]
[17:26:49] gen=105 mean=15.79 max=16 min=14 loss_terms=450 best_ever=16 [23.0s]
[17:27:15] gen=106 mean=15.85 max=16 min=13 loss_terms=450 best_ever=16 [25.2s]
[17:27:39] gen=107 mean=15.80 max=16 min=13 loss_terms=450 best_ever=16 [24.6s]
[17:28:02] gen=108 mean=15.82 max=16 min=12 loss_terms=450 best_ever=16 [22.5s]
[17:28:24] gen=109 mean=15.87 max=16 min=12 loss_terms=450 best_ever=16 [22.2s]
[17:28:47] gen=110 mean=15.83 max=16 min=13 loss_terms=450 best_ever=16 [23.1s]
[17:29:11] gen=111 mean=15.84 max=16 min=12 loss_terms=449 best_ever=16 [23.9s]
[17:29:35] gen=112 mean=15.88 max=16 min=14 loss_terms=450 best_ever=16 [24.2s]
[17:29:58] gen=113 mean=15.87 max=16 min=13 loss_terms=450 best_ever=16 [22.5s]
[17:30:20] gen=114 mean=15.81 max=16 min=14 loss_terms=450 best_ever=16 [22.8s]
[17:30:44] gen=115 mean=15.87 max=16 min=12 loss_terms=450 best_ever=16 [23.1s]
[17:31:08] gen=116 mean=15.80 max=16 min=12 loss_terms=450 best_ever=16 [24.1s]
[17:31:33] gen=117 mean=15.84 max=16 min=13 loss_terms=450 best_ever=16 [25.1s]
[17:31:56] gen=118 mean=15.89 max=16 min=14 loss_terms=450 best_ever=16 [22.9s]
[17:32:18] gen=119 mean=15.86 max=16 min=14 loss_terms=449 best_ever=16 [22.4s]
[17:32:42] gen=120 mean=15.89 max=16 min=13 loss_terms=450 best_ever=16 [24.1s]
[17:33:05] gen=121 mean=15.82 max=16 min=13 loss_terms=448 best_ever=16 [23.1s]
[17:33:29] gen=122 mean=15.86 max=16 min=13 loss_terms=450 best_ever=16 [24.0s]
[17:33:55] gen=123 mean=15.84 max=16 min=12 loss_terms=450 best_ever=16 [25.7s]
[17:34:18] gen=124 mean=15.87 max=16 min=13 loss_terms=449 best_ever=16 [23.0s]
[17:34:41] gen=125 mean=15.82 max=16 min=13 loss_terms=450 best_ever=16 [22.5s]
[17:35:04] gen=126 mean=15.82 max=16 min=12 loss_terms=449 best_ever=16 [23.0s]
[17:35:27] gen=127 mean=15.79 max=16 min=12 loss_terms=450 best_ever=16 [23.1s]
[17:35:50] gen=128 mean=15.78 max=16 min=12 loss_terms=450 best_ever=16 [23.6s]
[17:36:14] gen=129 mean=15.79 max=16 min=13 loss_terms=450 best_ever=16 [23.9s]
[17:36:38] gen=130 mean=15.86 max=16 min=13 loss_terms=450 best_ever=16 [23.7s]
[17:37:01] gen=131 mean=15.81 max=16 min=12 loss_terms=449 best_ever=16 [23.6s]
[17:37:25] gen=132 mean=15.85 max=16 min=13 loss_terms=450 best_ever=16 [23.9s]
[17:37:49] gen=133 mean=15.82 max=16 min=12 loss_terms=449 best_ever=16 [24.1s]
[17:38:13] gen=134 mean=15.86 max=16 min=14 loss_terms=450 best_ever=16 [23.5s]
[17:38:37] gen=135 mean=15.83 max=16 min=14 loss_terms=450 best_ever=16 [23.6s]
[17:39:00] gen=136 mean=15.86 max=16 min=12 loss_terms=449 best_ever=16 [23.6s]
[17:39:24] gen=137 mean=15.81 max=16 min=13 loss_terms=450 best_ever=16 [24.0s]
[17:39:48] gen=138 mean=15.85 max=16 min=14 loss_terms=450 best_ever=16 [23.7s]
[17:40:12] gen=139 mean=15.86 max=16 min=14 loss_terms=450 best_ever=16 [24.5s]
[17:40:37] gen=140 mean=15.82 max=16 min=14 loss_terms=449 best_ever=16 [24.3s]
[17:41:04] gen=141 mean=15.79 max=16 min=12 loss_terms=450 best_ever=16 [26.7s]
[17:41:29] gen=142 mean=15.83 max=16 min=13 loss_terms=450 best_ever=16 [25.1s]
[17:41:54] gen=143 mean=15.86 max=16 min=14 loss_terms=449 best_ever=16 [25.1s]
[17:42:18] gen=144 mean=15.91 max=16 min=14 loss_terms=449 best_ever=16 [24.5s]
[17:42:42] gen=145 mean=15.79 max=16 min=12 loss_terms=448 best_ever=16 [23.4s]
[17:43:06] gen=146 mean=15.85 max=16 min=13 loss_terms=450 best_ever=16 [24.0s]
[17:43:29] gen=147 mean=15.86 max=16 min=13 loss_terms=449 best_ever=16 [23.5s]
[17:43:52] gen=148 mean=15.79 max=16 min=13 loss_terms=448 best_ever=16 [22.7s]
[17:44:15] gen=149 mean=15.88 max=16 min=14 loss_terms=450 best_ever=16 [23.1s]
[17:44:15] DONE
